D = 0.00000 (zero): u = 0.020: J = +4.856277e-03, J/u = +2.428139e-01, 2E/(A u^2) = +2.427115e-01
D = 0.00000 (zero): u = 0.040: J = +9.675516e-03, J/u = +2.418879e-01, 2E/(A u^2) = +2.422483e-01
D = 0.00000 (zero): u = 0.070: J = +1.675574e-02, J/u = +2.393677e-01, 2E/(A u^2) = +2.409831e-01
D = 0.00000 (zero): u = 0.100: J = +2.355471e-02, J/u = +2.355471e-01, 2E/(A u^2) = +2.390527e-01
D = 0.00000 (zero): u = 0.150: J = +3.398214e-02, J/u = +2.265476e-01, 2E/(A u^2) = +2.344452e-01
D = 0.00000 (zero): u = 0.200: J = +4.295174e-02, J/u = +2.147587e-01, 2E/(A u^2) = +2.282744e-01
D = 0.00000 (zero): u = 0.250: J = +5.021339e-02, J/u = +2.008536e-01, 2E/(A u^2) = +2.207842e-01
D = 0.00000 (zero): u = 0.300: J = +5.566146e-02, J/u = +1.855382e-01, 2E/(A u^2) = +2.122444e-01
  fit: sigma_eff = +2.42961e-01, g = -7.57090e-01, g5 = +1.324e+00
D = 0.08474 (half): u = 0.020: J = +3.340642e-03, J/u = +1.670321e-01, 2E/(A u^2) = +4.014407e-01
D = 0.08474 (half): u = 0.040: J = +6.636247e-03, J/u = +1.659062e-01, 2E/(A u^2) = +4.016085e-01
D = 0.08474 (half): u = 0.070: J = +1.139872e-02, J/u = +1.628389e-01, 2E/(A u^2) = +4.021105e-01
D = 0.08474 (half): u = 0.100: J = +1.581814e-02, J/u = +1.581814e-01, 2E/(A u^2) = +4.030058e-01
D = 0.08474 (half): u = 0.150: J = +2.207764e-02, J/u = +1.471843e-01, 2E/(A u^2) = +4.058521e-01
D = 0.08474 (half): u = 0.200: J = +2.655513e-02, J/u = +1.327757e-01, 2E/(A u^2) = +4.115860e-01
D = 0.08474 (half): u = 0.250: J = +2.899500e-02, J/u = +1.159800e-01, 2E/(A u^2) = +4.226642e-01
D = 0.08474 (half): u = 0.300: J = +2.950332e-02, J/u = +9.834441e-02, 2E/(A u^2) = +4.443542e-01
  fit: sigma_eff = +1.67502e-01, g = -9.49531e-01, g5 = +2.011e+00
D = 0.16948 (lw): u = 0.020: J = -1.246683e-03, J/u = -6.233417e-02, 2E/(A u^2) = +9.051394e-01
D = 0.16948 (lw): u = 0.040: J = -2.532609e-03, J/u = -6.331522e-02, 2E/(A u^2) = +9.116602e-01
D = 0.16948 (lw): u = 0.070: J = -4.602212e-03, J/u = -6.574589e-02, 2E/(A u^2) = +9.305280e-01
D = 0.16948 (lw): u = 0.100: J = -6.862633e-03, J/u = -6.862633e-02, 2E/(A u^2) = +9.627246e-01
D = 0.16948 (lw): u = 0.150: J = -1.043851e-02, J/u = -6.959006e-02, 2E/(A u^2) = +1.062718e+00
D = 0.16948 (lw): u = 0.200: J = -8.822087e-03, J/u = -4.411043e-02, 2E/(A u^2) = +1.306281e+00
D = 0.16948 (lw): no convergence at u = 0.25 (the tilted cell loses stability)
  fit: sigma_eff = -5.92990e-02, g = -1.50244e+00, g5 = +4.703e+01
SlepcInitialize() must be called before SlepcFinalize()
D = 0.00000 (zero): u = 0.020: J = +1.197012e-02, J/u = +5.985061e-01, 2E/(A u^2) = +6.202078e-01
D = 0.00000 (zero): u = 0.040: J = +2.382578e-02, J/u = +5.956444e-01, 2E/(A u^2) = +6.186998e-01
D = 0.00000 (zero): u = 0.070: J = +4.115133e-02, J/u = +5.878761e-01, 2E/(A u^2) = +6.145887e-01
D = 0.00000 (zero): u = 0.100: J = +5.761553e-02, J/u = +5.761553e-01, 2E/(A u^2) = +6.083371e-01
D = 0.00000 (zero): u = 0.150: J = +8.232194e-02, J/u = +5.488129e-01, 2E/(A u^2) = +5.935167e-01
D = 0.00000 (zero): u = 0.200: J = +1.027117e-01, J/u = +5.135583e-01, 2E/(A u^2) = +5.738891e-01
D = 0.00000 (zero): u = 0.250: J = +1.181969e-01, J/u = +4.727875e-01, 2E/(A u^2) = +5.503968e-01
D = 0.00000 (zero): u = 0.300: J = +1.286674e-01, J/u = +4.288913e-01, 2E/(A u^2) = +5.240448e-01
  fit: sigma_eff = +5.98728e-01, g = -2.31603e+00, g5 = +4.771e+00
D = 0.28318 (half): u = 0.020: J = +8.942565e-03, J/u = +4.471282e-01, 2E/(A u^2) = +1.122701e+00
D = 0.28318 (half): u = 0.040: J = +1.777484e-02, J/u = +4.443711e-01, 2E/(A u^2) = +1.123772e+00
D = 0.28318 (half): u = 0.070: J = +3.058939e-02, J/u = +4.369913e-01, 2E/(A u^2) = +1.126915e+00
D = 0.28318 (half): u = 0.100: J = +4.261810e-02, J/u = +4.261810e-01, 2E/(A u^2) = +1.132372e+00
D = 0.28318 (half): u = 0.150: J = +6.043687e-02, J/u = +4.029125e-01, 2E/(A u^2) = +1.149113e+00
D = 0.28318 (half): u = 0.200: J = +7.582759e-02, J/u = +3.791380e-01, 2E/(A u^2) = +1.182213e+00
D = 0.28318 (half): u = 0.250: J = +9.228240e-02, J/u = +3.691296e-01, 2E/(A u^2) = +1.248736e+00
D = 0.28318 (half): u = 0.300: J = +1.256690e-01, J/u = +4.188967e-01, 2E/(A u^2) = +1.408531e+00
  fit: sigma_eff = +4.60920e-01, g = -3.50232e+00, g5 = +3.361e+01
D = 0.56636 (lw): u = 0.020: J = -1.072669e-03, J/u = -5.363344e-02, 2E/(A u^2) = +2.741328e+00
D = 0.56636 (lw): u = 0.040: J = -2.037490e-03, J/u = -5.093726e-02, 2E/(A u^2) = +2.771657e+00
D = 0.56636 (lw): u = 0.070: J = -2.856173e-03, J/u = -4.080247e-02, 2E/(A u^2) = +2.861422e+00
D = 0.56636 (lw): u = 0.100: J = -1.544411e-03, J/u = -1.544411e-02, 2E/(A u^2) = +3.022435e+00
D = 0.56636 (lw): u = 0.150: J = +2.048863e-02, J/u = +1.365908e-01, 2E/(A u^2) = +3.618086e+00
D = 0.56636 (lw): no convergence at u = 0.2 (the tilted cell loses stability)
  fit: sigma_eff = -4.99690e-02, g = -3.33396e-01, g5 = +3.833e+02
SlepcInitialize() must be called before SlepcFinalize()
D = 0.00000 (zero): u = 0.020: J = +2.508159e-03, J/u = +1.254079e-01, 2E/(A u^2) = +1.253703e-01
D = 0.00000 (zero): u = 0.040: J = +4.999691e-03, J/u = +1.249923e-01, 2E/(A u^2) = +1.251623e-01
D = 0.00000 (zero): u = 0.070: J = +8.670173e-03, J/u = +1.238596e-01, 2E/(A u^2) = +1.245938e-01
D = 0.00000 (zero): u = 0.100: J = +1.221385e-02, J/u = +1.221385e-01, 2E/(A u^2) = +1.237251e-01
D = 0.00000 (zero): u = 0.150: J = +1.770976e-02, J/u = +1.180651e-01, 2E/(A u^2) = +1.216451e-01
D = 0.00000 (zero): u = 0.200: J = +2.253749e-02, J/u = +1.126875e-01, 2E/(A u^2) = +1.188450e-01
D = 0.00000 (zero): u = 0.250: J = +2.657039e-02, J/u = +1.062816e-01, 2E/(A u^2) = +1.154237e-01
D = 0.00000 (zero): u = 0.300: J = +2.974319e-02, J/u = +9.914396e-02, 2E/(A u^2) = +1.114928e-01
  fit: sigma_eff = +1.25488e-01, g = -3.41296e-01, g5 = +5.402e-01
D = 0.03574 (half): u = 0.020: J = +1.682871e-03, J/u = +8.414354e-02, 2E/(A u^2) = +2.005844e-01
D = 0.03574 (half): u = 0.040: J = +3.342938e-03, J/u = +8.357344e-02, 2E/(A u^2) = +2.006523e-01
D = 0.03574 (half): u = 0.070: J = +5.740883e-03, J/u = +8.201262e-02, 2E/(A u^2) = +2.008552e-01
D = 0.03574 (half): u = 0.100: J = +7.961966e-03, J/u = +7.961966e-02, 2E/(A u^2) = +2.012161e-01
D = 0.03574 (half): u = 0.150: J = +1.107674e-02, J/u = +7.384492e-02, 2E/(A u^2) = +2.023577e-01
D = 0.03574 (half): u = 0.200: J = +1.318854e-02, J/u = +6.594271e-02, 2E/(A u^2) = +2.046336e-01
D = 0.03574 (half): u = 0.250: J = +1.400215e-02, J/u = +5.600861e-02, 2E/(A u^2) = +2.089389e-01
D = 0.03574 (half): u = 0.300: J = +1.320389e-02, J/u = +4.401296e-02, 2E/(A u^2) = +2.169708e-01
  fit: sigma_eff = +8.42159e-02, g = -4.63619e-01, g5 = +1.889e-01
D = 0.07149 (lw): u = 0.020: J = -8.497136e-04, J/u = -4.248568e-02, 2E/(A u^2) = +4.369696e-01
D = 0.07149 (lw): u = 0.040: J = -1.733578e-03, J/u = -4.333946e-02, 2E/(A u^2) = +4.395748e-01
D = 0.07149 (lw): u = 0.070: J = -3.195319e-03, J/u = -4.564742e-02, 2E/(A u^2) = +4.470518e-01
D = 0.07149 (lw): u = 0.100: J = -4.908629e-03, J/u = -4.908629e-02, 2E/(A u^2) = +4.595949e-01
D = 0.07149 (lw): u = 0.150: J = -8.502832e-03, J/u = -5.668555e-02, 2E/(A u^2) = +4.966848e-01
D = 0.07149 (lw): u = 0.200: J = -1.288373e-02, J/u = -6.441866e-02, 2E/(A u^2) = +5.730303e-01
D = 0.07149 (lw): u = 0.250: J = -1.712219e-02, J/u = -6.848875e-02, 2E/(A u^2) = +8.338781e-01
D = 0.07149 (lw): no convergence at u = 0.3 (the tilted cell loses stability)
  fit: sigma_eff = -4.16688e-02, g = -8.10883e-01, g5 = +6.104e+00
SlepcInitialize() must be called before SlepcFinalize()
D = 0.00000 (zero): u = 0.020: J = +9.956685e-04, J/u = +4.978342e-02, 2E/(A u^2) = +5.038380e-02
D = 0.00000 (zero): u = 0.040: J = +1.985760e-03, J/u = +4.964401e-02, 2E/(A u^2) = +5.031335e-02
D = 0.00000 (zero): u = 0.070: J = +3.448455e-03, J/u = +4.926364e-02, 2E/(A u^2) = +5.012066e-02
D = 0.00000 (zero): u = 0.100: J = +4.868439e-03, J/u = +4.868439e-02, 2E/(A u^2) = +4.982576e-02
D = 0.00000 (zero): u = 0.150: J = +7.096092e-03, J/u = +4.730728e-02, 2E/(A u^2) = +4.911753e-02
D = 0.00000 (zero): u = 0.200: J = +9.095123e-03, J/u = +4.547561e-02, 2E/(A u^2) = +4.815936e-02
D = 0.00000 (zero): u = 0.250: J = +1.081821e-02, J/u = +4.327283e-02, 2E/(A u^2) = +4.698121e-02
D = 0.00000 (zero): u = 0.300: J = +1.223718e-02, J/u = +4.079061e-02, 2E/(A u^2) = +4.561736e-02
  fit: sigma_eff = +4.98146e-02, g = -1.14891e-01, g5 = +1.626e-01
D = 0.01059 (half): u = 0.020: J = +6.484764e-04, J/u = +3.242382e-02, 2E/(A u^2) = +7.651396e-02
D = 0.01059 (half): u = 0.040: J = +1.288541e-03, J/u = +3.221352e-02, 2E/(A u^2) = +7.652932e-02
D = 0.01059 (half): u = 0.070: J = +2.214527e-03, J/u = +3.163610e-02, 2E/(A u^2) = +7.657624e-02
D = 0.01059 (half): u = 0.100: J = +3.074606e-03, J/u = +3.074606e-02, 2E/(A u^2) = +7.666263e-02
D = 0.01059 (half): u = 0.150: J = +4.286000e-03, J/u = +2.857333e-02, 2E/(A u^2) = +7.694930e-02
D = 0.01059 (half): u = 0.200: J = +5.107760e-03, J/u = +2.553880e-02, 2E/(A u^2) = +7.754663e-02
D = 0.01059 (half): u = 0.250: J = +5.403021e-03, J/u = +2.161209e-02, 2E/(A u^2) = +7.870653e-02
D = 0.01059 (half): u = 0.300: J = +5.006081e-03, J/u = +1.668694e-02, 2E/(A u^2) = +8.088064e-02
  fit: sigma_eff = +3.24428e-02, g = -1.70052e-01, g5 = -5.532e-02
D = 0.02118 (lw): u = 0.020: J = -4.131066e-04, J/u = -2.065533e-02, 2E/(A u^2) = +1.580299e-01
D = 0.02118 (lw): u = 0.040: J = -8.427780e-04, J/u = -2.106945e-02, 2E/(A u^2) = +1.588121e-01
D = 0.02118 (lw): u = 0.070: J = -1.554865e-03, J/u = -2.221236e-02, 2E/(A u^2) = +1.610484e-01
D = 0.02118 (lw): u = 0.100: J = -2.399107e-03, J/u = -2.399107e-02, 2E/(A u^2) = +1.647709e-01
D = 0.02118 (lw): u = 0.150: J = -4.263367e-03, J/u = -2.842245e-02, 2E/(A u^2) = +1.755405e-01
D = 0.02118 (lw): u = 0.200: J = -6.971696e-03, J/u = -3.485848e-02, 2E/(A u^2) = +1.962838e-01
D = 0.02118 (lw): u = 0.250: J = -1.103422e-02, J/u = -4.413689e-02, 2E/(A u^2) = +2.439142e-01
D = 0.02118 (lw): no convergence at u = 0.3 (the tilted cell loses stability)
  fit: sigma_eff = -2.06955e-02, g = -3.20012e-01, g5 = -8.788e-01
SlepcInitialize() must be called before SlepcFinalize()
D = 0.00000 (zero): u = 0.020: J = +4.245869e-04, J/u = +2.122935e-02, 2E/(A u^2) = +2.125272e-02
D = 0.00000 (zero): u = 0.040: J = +8.471674e-04, J/u = +2.117918e-02, 2E/(A u^2) = +2.122759e-02
D = 0.00000 (zero): u = 0.070: J = +1.472955e-03, J/u = +2.104222e-02, 2E/(A u^2) = +2.115881e-02
D = 0.00000 (zero): u = 0.100: J = +2.083333e-03, J/u = +2.083333e-02, 2E/(A u^2) = +2.105345e-02
D = 0.00000 (zero): u = 0.150: J = +3.050280e-03, J/u = +2.033520e-02, 2E/(A u^2) = +2.079989e-02
D = 0.00000 (zero): u = 0.200: J = +3.933855e-03, J/u = +1.966928e-02, 2E/(A u^2) = +2.045568e-02
D = 0.00000 (zero): u = 0.250: J = +4.715797e-03, J/u = +1.886319e-02, 2E/(A u^2) = +2.003060e-02
D = 0.00000 (zero): u = 0.300: J = +5.384323e-03, J/u = +1.794774e-02, 2E/(A u^2) = +1.953595e-02
  fit: sigma_eff = +2.12415e-02, g = -4.14266e-02, g5 = +5.369e-02
D = 0.00319 (half): u = 0.020: J = +2.709192e-04, J/u = +1.354596e-02, 2E/(A u^2) = +3.099867e-02
D = 0.00319 (half): u = 0.040: J = +5.386060e-04, J/u = +1.346515e-02, 2E/(A u^2) = +3.100299e-02
D = 0.00319 (half): u = 0.070: J = +9.270093e-04, J/u = +1.324299e-02, 2E/(A u^2) = +3.101640e-02
D = 0.00319 (half): u = 0.100: J = +1.289975e-03, J/u = +1.289975e-02, 2E/(A u^2) = +3.104164e-02
D = 0.00319 (half): u = 0.150: J = +1.808681e-03, J/u = +1.205787e-02, 2E/(A u^2) = +3.112783e-02
D = 0.00319 (half): u = 0.200: J = +2.174605e-03, J/u = +1.087303e-02, 2E/(A u^2) = +3.131172e-02
D = 0.00319 (half): u = 0.250: J = +2.331455e-03, J/u = +9.325821e-03, 2E/(A u^2) = +3.167301e-02
D = 0.00319 (half): u = 0.300: J = +2.210501e-03, J/u = +7.368338e-03, 2E/(A u^2) = +3.234967e-02
  fit: sigma_eff = +1.35552e-02, g = -6.55041e-02, g5 = -3.585e-02
D = 0.00638 (lw): u = 0.020: J = -1.947377e-04, J/u = -9.736883e-03, 2E/(A u^2) = +6.130483e-02
D = 0.00638 (lw): u = 0.040: J = -3.967272e-04, J/u = -9.918179e-03, 2E/(A u^2) = +6.157957e-02
D = 0.00638 (lw): u = 0.070: J = -7.294736e-04, J/u = -1.042105e-02, 2E/(A u^2) = +6.236363e-02
D = 0.00638 (lw): u = 0.100: J = -1.121132e-03, J/u = -1.121132e-02, 2E/(A u^2) = +6.366379e-02
D = 0.00638 (lw): u = 0.150: J = -1.983649e-03, J/u = -1.322433e-02, 2E/(A u^2) = +6.738690e-02
D = 0.00638 (lw): u = 0.200: J = -3.254322e-03, J/u = -1.627161e-02, 2E/(A u^2) = +7.436230e-02
D = 0.00638 (lw): u = 0.250: J = -5.205660e-03, J/u = -2.082264e-02, 2E/(A u^2) = +8.894237e-02
D = 0.00638 (lw): no convergence at u = 0.3 (the tilted cell loses stability)
  fit: sigma_eff = -9.75504e-03, g = -1.39055e-01, g5 = -6.076e-01
SlepcInitialize() must be called before SlepcFinalize()
