
{"ell_b": 1.5, "Gamma": 0.0, "v0_div": 0.07756347656250001, "v0_flutter": 0.0796142578125, "omega_flutter": 1.0512477989838442e-05, "v0_c": 0.07756347656250001, "SL_c": 7.756347656250001, "kind": "divergence", "n_eig": 14, "wall": 14.384235620498657}
{"ell_b": 1.5, "Gamma": 25.0, "v0_div": 0.09250488281250001, "v0_flutter": 0.0974853515625, "omega_flutter": 1.3574751064779926e-05, "v0_c": 0.09250488281250001, "SL_c": 9.25048828125, "kind": "divergence", "n_eig": 18, "wall": 32.89828824996948}
{"ell_b": 1.5, "Gamma": 100.0, "v0_div": 0.13677978515625, "v0_flutter": 0.15128173828125002, "omega_flutter": 2.4073322502292214e-05, "v0_c": 0.13677978515625, "SL_c": 13.677978515625, "kind": "divergence", "n_eig": 19, "wall": 51.49527955055237}
{"ell_b": 2.0, "Gamma": 0.0, "v0_div": 0.0986572265625, "v0_flutter": 0.10012207031250002, "omega_flutter": 1.0355398315616459e-05, "v0_c": 0.0986572265625, "SL_c": 9.86572265625, "kind": "divergence", "n_eig": 14, "wall": 66.84369683265686}
{"ell_b": 2.0, "Gamma": 25.0, "v0_div": 0.11766357421875002, "v0_flutter": 0.12249755859375003, "omega_flutter": 1.3361637455898196e-05, "v0_c": 0.11766357421875002, "SL_c": 11.766357421875002, "kind": "divergence", "n_eig": 17, "wall": 85.53431296348572}
{"ell_b": 2.0, "Gamma": 100.0, "v0_div": 0.173858642578125, "v0_flutter": 0.19066772460937503, "omega_flutter": 2.425970401667849e-05, "v0_c": 0.173858642578125, "SL_c": 17.3858642578125, "kind": "divergence", "n_eig": 19, "wall": 105.57704782485962}
{"ell_b": 2.5, "Gamma": 0.0, "v0_div": 0.11634521484375002, "v0_flutter": 0.11678466796875002, "omega_flutter": 1.0179986180978453e-05, "v0_c": 0.11634521484375002, "SL_c": 11.634521484375002, "kind": "divergence", "n_eig": 13, "wall": 119.3146071434021}
{"ell_b": 2.5, "Gamma": 25.0, "v0_div": 0.13897705078125, "v0_flutter": 0.14271240234375, "omega_flutter": 1.306100008209719e-05, "v0_c": 0.13897705078125, "SL_c": 13.897705078125, "kind": "divergence", "n_eig": 19, "wall": 139.29328036308289}
{"ell_b": 2.5, "Gamma": 100.0, "v0_div": 0.20549926757812503, "v0_flutter": 0.22197875976562503, "omega_flutter": 2.3673899869756305e-05, "v0_c": 0.20549926757812503, "SL_c": 20.549926757812504, "kind": "divergence", "n_eig": 20, "wall": 159.18355798721313}
{"ell_b": 3.0, "Gamma": 0.0, "v0_div": 0.13172607421875, "v0_flutter": 0.13018798828125, "omega_flutter": 9.87781209365983e-06, "v0_c": 0.13018798828125, "SL_c": 13.018798828125, "kind": "flutter", "n_eig": 14, "wall": 173.67186093330383}
{"ell_b": 3.0, "Gamma": 25.0, "v0_div": 0.15721435546875, "v0_flutter": 0.15897216796875002, "omega_flutter": 1.2630359421585479e-05, "v0_c": 0.15721435546875, "SL_c": 15.721435546875002, "kind": "divergence", "n_eig": 16, "wall": 192.43389463424683}
{"ell_b": 3.0, "Gamma": 100.0, "v0_div": 0.23252563476562504, "v0_flutter": 0.24669799804687503, "omega_flutter": 2.2335016451700545e-05, "v0_c": 0.23252563476562504, "SL_c": 23.252563476562504, "kind": "divergence", "n_eig": 18, "wall": 211.8199908733368}
{"ell_b": 3.5, "Gamma": 0.0, "v0_div": 0.14490966796875, "v0_flutter": 0.14117431640625, "omega_flutter": 9.520080717610347e-06, "v0_c": 0.14117431640625, "SL_c": 14.117431640625, "kind": "flutter", "n_eig": 16, "wall": 229.48520755767822}
{"ell_b": 3.5, "Gamma": 25.0, "v0_div": 0.17319946289062504, "v0_flutter": 0.172210693359375, "omega_flutter": 1.2121208627385935e-05, "v0_c": 0.172210693359375, "SL_c": 17.2210693359375, "kind": "flutter", "n_eig": 15, "wall": 244.74808931350708}
{"ell_b": 3.5, "Gamma": 100.0, "v0_div": 0.25584411621093756, "v0_flutter": 0.2657318115234375, "omega_flutter": 2.0362615095752072e-05, "v0_c": 0.25584411621093756, "SL_c": 25.584411621093757, "kind": "divergence", "n_eig": 18, "wall": 263.5016734600067}
{"ell_b": 4.0, "Gamma": 0.0, "v0_div": 0.15677490234374997, "v0_flutter": 0.15040283203125, "omega_flutter": 9.14549106844536e-06, "v0_c": 0.15040283203125, "SL_c": 15.040283203124998, "kind": "flutter", "n_eig": 18, "wall": 291.46913862228394}
{"ell_b": 4.0, "Gamma": 25.0, "v0_div": 0.18704223632812506, "v0_flutter": 0.18308715820312504, "omega_flutter": 1.1541592493093816e-05, "v0_c": 0.18308715820312504, "SL_c": 18.308715820312504, "kind": "flutter", "n_eig": 17, "wall": 322.7419891357422}
{"ell_b": 4.0, "Gamma": 100.0, "v0_div": 0.2771026611328125, "v0_flutter": 0.2810577392578125, "omega_flutter": 1.8236296126020877e-05, "v0_c": 0.2771026611328125, "SL_c": 27.71026611328125, "kind": "divergence", "n_eig": 17, "wall": 353.80453538894653}
{"ell_b": 4.5, "Gamma": 0.0, "v0_div": 0.16732177734374998, "v0_flutter": 0.15809326171875, "omega_flutter": 8.727465745847225e-06, "v0_c": 0.15809326171875, "SL_c": 15.809326171874998, "kind": "flutter", "n_eig": 17, "wall": 388.31209206581116}
{"ell_b": 4.5, "Gamma": 25.0, "v0_div": 0.19989624023437502, "v0_flutter": 0.19231567382812503, "omega_flutter": 1.0950319532531662e-05, "v0_c": 0.19231567382812503, "SL_c": 19.231567382812504, "kind": "flutter", "n_eig": 17, "wall": 418.96188712120056}
{"ell_b": 4.5, "Gamma": 100.0, "v0_div": 0.2958892822265626, "v0_flutter": 0.2934173583984375, "omega_flutter": 1.607310447853462e-05, "v0_c": 0.2934173583984375, "SL_c": 29.341735839843754, "kind": "flutter", "n_eig": 16, "wall": 448.25564551353455}
{"ell_b": 5.0, "Gamma": 0.0, "v0_div": 0.17682495117187502, "v0_flutter": 0.16468505859375, "omega_flutter": 8.303300747331966e-06, "v0_c": 0.16468505859375, "SL_c": 16.468505859375, "kind": "flutter", "n_eig": 21, "wall": 488.4606988430023}
{"ell_b": 5.0, "Gamma": 25.0, "v0_div": 0.21110229492187504, "v0_flutter": 0.19989624023437502, "omega_flutter": 1.0319243837118268e-05, "v0_c": 0.19989624023437502, "SL_c": 19.989624023437504, "kind": "flutter", "n_eig": 20, "wall": 509.2866020202637}
{"ell_b": 5.0, "Gamma": 100.0, "v0_div": 0.31269836425781256, "v0_flutter": 0.3037994384765626, "omega_flutter": 1.397252002226939e-05, "v0_c": 0.3037994384765626, "SL_c": 30.37994384765626, "kind": "flutter", "n_eig": 18, "wall": 543.2056727409363}
{"ell_b": 6.0, "Gamma": 0.0, "v0_div": 0.19330444335937502, "v0_flutter": 0.2845184326171875, "omega_flutter": 1.0611177683564427e-06, "v0_c": 0.19330444335937502, "SL_c": 19.330444335937504, "kind": "divergence", "n_eig": 22, "wall": 587.7616348266602}
{"ell_b": 6.0, "Gamma": 25.0, "v0_div": 0.23087768554687504, "v0_flutter": 0.21275024414062504, "omega_flutter": 9.135539018300078e-06, "v0_c": 0.21275024414062504, "SL_c": 21.275024414062504, "kind": "flutter", "n_eig": 18, "wall": 621.7698488235474}
{"ell_b": 6.0, "Gamma": 100.0, "v0_div": 0.34236145019531256, "v0_flutter": 0.3206085205078126, "omega_flutter": 9.823928073060536e-06, "v0_c": 0.3206085205078126, "SL_c": 32.06085205078126, "kind": "flutter", "n_eig": 19, "wall": 657.5669391155243}
{"ell_b": 7.0, "Gamma": 0.0, "v0_div": 0.207476806640625, "v0_flutter": 0.3403839111328126, "omega_flutter": 1.675829954799784e-06, "v0_c": 0.207476806640625, "SL_c": 20.7476806640625, "kind": "divergence", "n_eig": 22, "wall": 702.4415063858032}
{"ell_b": 7.0, "Gamma": 25.0, "v0_div": 0.24768676757812502, "v0_flutter": 0.222637939453125, "omega_flutter": 7.978460676774855e-06, "v0_c": 0.222637939453125, "SL_c": 22.2637939453125, "kind": "flutter", "n_eig": 19, "wall": 739.4415943622589}
{"ell_b": 7.0, "Gamma": 100.0, "v0_div": 0.3428558349609376, "v0_flutter": 0.4112045288085938, "omega_flutter": 1.7884783398837044e-06, "v0_c": 0.3428558349609376, "SL_c": 34.28558349609376, "kind": "divergence", "n_eig": 23, "wall": 782.949254989624}
{"ell_b": 8.0, "Gamma": 0.0, "v0_div": 0.21934204101562504, "v0_flutter": 1.4478830337524413, "omega_flutter": 1.4013673600544885e-05, "v0_c": 0.21934204101562504, "SL_c": 21.934204101562504, "kind": "divergence", "n_eig": 26, "wall": 834.7369239330292}
{"ell_b": 8.0, "Gamma": 25.0, "v0_div": 0.26227111816406257, "v0_flutter": 0.23087768554687504, "omega_flutter": 6.881744292864064e-06, "v0_c": 0.23087768554687504, "SL_c": 23.087768554687504, "kind": "flutter", "n_eig": 22, "wall": 875.2197756767273}
{"ell_b": 8.0, "Gamma": 100.0, "v0_div": 0.33741760253906256, "v0_flutter": 0.46014862060546874, "omega_flutter": 2.7457743942812494e-06, "v0_c": 0.33741760253906256, "SL_c": 33.74176025390626, "kind": "divergence", "n_eig": 23, "wall": 917.8847968578339}
{"ell_b": 10.0, "Gamma": 0.0, "v0_div": 0.238128662109375, "v0_flutter": 2.0103924751281745, "omega_flutter": 9.086948704387783e-06, "v0_c": 0.238128662109375, "SL_c": 23.8128662109375, "kind": "divergence", "n_eig": 27, "wall": 968.2323672771454}
{"ell_b": 10.0, "Gamma": 25.0, "v0_div": 0.26276550292968753, "v0_flutter": 0.24340209960937503, "omega_flutter": 4.777284758623395e-06, "v0_c": 0.24340209960937503, "SL_c": 24.340209960937504, "kind": "flutter", "n_eig": 22, "wall": 1009.2809691429138}
{"ell_b": 10.0, "Gamma": 100.0, "v0_div": 0.3443389892578126, "v0_flutter": 1.2789424896240236, "omega_flutter": 3.3319258192870976e-06, "v0_c": 0.3443389892578126, "SL_c": 34.43389892578126, "kind": "divergence", "n_eig": 25, "wall": 1054.0019104480743}
{"ell_b": 12.0, "Gamma": 0.0, "v0_div": 0.237139892578125, "v0_flutter": null, "omega_flutter": null, "v0_c": 0.237139892578125, "SL_c": 23.7139892578125, "kind": "divergence", "n_eig": 19, "wall": 1091.3096420764923}
{"ell_b": 12.0, "Gamma": 25.0, "v0_div": 0.25979919433593757, "v0_flutter": 0.25230102539062504, "omega_flutter": 2.5535126368702275e-06, "v0_c": 0.25230102539062504, "SL_c": 25.230102539062504, "kind": "flutter", "n_eig": 22, "wall": 1134.6759142875671}
{"ell_b": 12.0, "Gamma": 100.0, "v0_div": 0.3517547607421876, "v0_flutter": 1.8658544540405275, "omega_flutter": 4.621541328364291e-06, "v0_c": 0.3517547607421876, "SL_c": 35.17547607421876, "kind": "divergence", "n_eig": 26, "wall": 1184.4527158737183}
{"ell_b": 14.0, "Gamma": 0.0, "v0_div": 0.235491943359375, "v0_flutter": 2.3144854545593256, "omega_flutter": 6.288826269700244e-06, "v0_c": 0.235491943359375, "SL_c": 23.5491943359375, "kind": "divergence", "n_eig": 27, "wall": 1237.6907393932343}
{"ell_b": 14.0, "Gamma": 25.0, "v0_div": 0.25436096191406254, "v0_flutter": null, "omega_flutter": null, "v0_c": 0.25436096191406254, "SL_c": 25.436096191406254, "kind": "divergence", "n_eig": 19, "wall": 1274.6067335605621}
{"ell_b": 14.0, "Gamma": 100.0, "v0_div": 0.35867614746093757, "v0_flutter": 1.5905439376831054, "omega_flutter": 1.0852171216540591e-05, "v0_c": 0.35867614746093757, "SL_c": 35.86761474609376, "kind": "divergence", "n_eig": 26, "wall": 1324.638252735138}
{"ell_b": 17.0, "Gamma": 0.0, "v0_div": 0.20352172851562506, "v0_flutter": null, "omega_flutter": null, "v0_c": 0.20352172851562506, "SL_c": 20.352172851562507, "kind": "divergence", "n_eig": 19, "wall": 1364.3600742816925}
{"ell_b": 17.0, "Gamma": 25.0, "v0_div": 0.25584411621093756, "v0_flutter": 1.277273941040039, "omega_flutter": 9.437156165421903e-07, "v0_c": 0.25584411621093756, "SL_c": 25.584411621093757, "kind": "divergence", "n_eig": 25, "wall": 1412.237550497055}
{"ell_b": 17.0, "Gamma": 100.0, "v0_div": 0.3665863037109376, "v0_flutter": 0.8337181091308594, "omega_flutter": 1.3896273436596695e-06, "v0_c": 0.3665863037109376, "SL_c": 36.65863037109376, "kind": "divergence", "n_eig": 24, "wall": 1458.150002002716}
{"ell_b": 20.0, "Gamma": 0.0, "v0_div": 0.20549926757812503, "v0_flutter": null, "omega_flutter": null, "v0_c": 0.20549926757812503, "SL_c": 20.549926757812504, "kind": "divergence", "n_eig": 19, "wall": 1495.156159877777}
{"ell_b": 20.0, "Gamma": 25.0, "v0_div": 0.25831604003906256, "v0_flutter": null, "omega_flutter": null, "v0_c": 0.25831604003906256, "SL_c": 25.831604003906257, "kind": "divergence", "n_eig": 19, "wall": 1516.6229677200317}
{"ell_b": 20.0, "Gamma": 100.0, "v0_div": 0.3725189208984375, "v0_flutter": null, "omega_flutter": null, "v0_c": 0.3725189208984375, "SL_c": 37.25189208984375, "kind": "divergence", "n_eig": 19, "wall": 1552.4751102924347}
{"ell_b": 25.0, "Gamma": 0.0, "v0_div": 0.208465576171875, "v0_flutter": null, "omega_flutter": null, "v0_c": 0.208465576171875, "SL_c": 20.8465576171875, "kind": "divergence", "n_eig": 19, "wall": 1591.3056938648224}
{"ell_b": 25.0, "Gamma": 25.0, "v0_div": 0.26227111816406257, "v0_flutter": null, "omega_flutter": null, "v0_c": 0.26227111816406257, "SL_c": 26.227111816406257, "kind": "divergence", "n_eig": 19, "wall": 1629.094954252243}
{"ell_b": 25.0, "Gamma": 100.0, "v0_div": 0.3800582885742188, "v0_flutter": null, "omega_flutter": null, "v0_c": 0.3800582885742188, "SL_c": 38.00582885742188, "kind": "divergence", "n_eig": 19, "wall": 1667.638912677765}
{"ell_b": 30.0, "Gamma": 0.0, "v0_div": 0.210772705078125, "v0_flutter": null, "omega_flutter": null, "v0_c": 0.210772705078125, "SL_c": 21.0772705078125, "kind": "divergence", "n_eig": 19, "wall": 1707.7795460224152}
{"ell_b": 30.0, "Gamma": 25.0, "v0_div": 0.26523742675781253, "v0_flutter": null, "omega_flutter": null, "v0_c": 0.26523742675781253, "SL_c": 26.523742675781254, "kind": "divergence", "n_eig": 19, "wall": 1745.425642490387}
{"ell_b": 30.0, "Gamma": 100.0, "v0_div": 0.3845077514648438, "v0_flutter": null, "omega_flutter": null, "v0_c": 0.3845077514648438, "SL_c": 38.450775146484375, "kind": "divergence", "n_eig": 19, "wall": 1784.8395700454712}
{"ell_b": 40.0, "Gamma": 0.0, "v0_div": 0.21406860351562507, "v0_flutter": null, "omega_flutter": null, "v0_c": 0.21406860351562507, "SL_c": 21.406860351562507, "kind": "divergence", "n_eig": 19, "wall": 1826.936814546585}
{"ell_b": 40.0, "Gamma": 25.0, "v0_div": 0.2686981201171875, "v0_flutter": null, "omega_flutter": null, "v0_c": 0.2686981201171875, "SL_c": 26.869812011718754, "kind": "divergence", "n_eig": 19, "wall": 1865.6951360702515}
{"ell_b": 40.0, "Gamma": 100.0, "v0_div": 0.3896987915039063, "v0_flutter": null, "omega_flutter": null, "v0_c": 0.3896987915039063, "SL_c": 38.96987915039063, "kind": "divergence", "n_eig": 19, "wall": 1913.5082867145538}
{"ell_b": 60.0, "Gamma": 0.0, "v0_div": 0.21670532226562506, "v0_flutter": null, "omega_flutter": null, "v0_c": 0.21670532226562506, "SL_c": 21.670532226562507, "kind": "divergence", "n_eig": 19, "wall": 1962.7348906993866}
{"ell_b": 60.0, "Gamma": 25.0, "v0_div": 0.27166442871093754, "v0_flutter": null, "omega_flutter": null, "v0_c": 0.27166442871093754, "SL_c": 27.166442871093754, "kind": "divergence", "n_eig": 19, "wall": 2022.1399841308594}
{"ell_b": 60.0, "Gamma": 100.0, "v0_div": 0.3941482543945313, "v0_flutter": null, "omega_flutter": null, "v0_c": 0.3941482543945313, "SL_c": 39.41482543945313, "kind": "divergence", "n_eig": 19, "wall": 2081.065572977066}
... done.
SlepcInitialize() must be called before SlepcFinalize()
