flat membrane, r0 = 1.0, R = 5.0, kappa = 1.0, sigma = 0.0025
   -1.918759e+00   0   -1.918325e+00   2.3e-04
   -2.088048e+00   1   -2.087662e+00   1.9e-04
   -2.088091e+00   1   -2.087662e+00   2.1e-04
   -2.801631e+00   2   -2.801272e+00   1.3e-04
   -2.801724e+00   2   -2.801272e+00   1.6e-04
   -4.565116e+00   3   -4.564834e+00   6.2e-05
   -4.565442e+00   3   -4.564834e+00   1.3e-04
   -7.903865e+00   4   -7.903608e+00   3.3e-05
   -7.904034e+00   4   -7.903608e+00   5.4e-05
   -1.321492e+01   5   -1.321551e+01   4.5e-05
   -1.321540e+01   5   -1.321551e+01   8.6e-06
   -1.467361e+01   0   -1.467316e+01   3.0e-05
   -1.546120e+01   1   -1.546120e+01   4.8e-07
   -1.546181e+01   1   -1.546120e+01   3.9e-05
   -1.816119e+01   2   -1.816199e+01   4.4e-05
   -1.816235e+01   2   -1.816199e+01   2.0e-05
   -2.088578e+01   6   -2.088864e+01   1.4e-04
   -2.088678e+01   6   -2.088864e+01   8.9e-05
   -2.369996e+01   3   -2.370262e+01   1.1e-04
   -2.370242e+01   3   -2.370262e+01   8.8e-06
max relative error = 2.26e-04
CHECK FLAT MEMBRANE: PASSED
