flat membrane, r0 = 1.0, R = 5.0, kappa = 1.0, sigma = 0.0025
   -1.919546e+00   0   -1.918325e+00   6.4e-04
   -2.088627e+00   1   -2.087662e+00   4.6e-04
   -2.088755e+00   1   -2.087662e+00   5.2e-04
   -2.801920e+00   2   -2.801272e+00   2.3e-04
   -2.802052e+00   2   -2.801272e+00   2.8e-04
   -4.564706e+00   3   -4.564834e+00   2.8e-05
   -4.565066e+00   3   -4.564834e+00   5.1e-05
   -7.900987e+00   4   -7.903608e+00   3.3e-04
   -7.901625e+00   4   -7.903608e+00   2.5e-04
   -1.320563e+01   5   -1.321551e+01   7.5e-04
   -1.320718e+01   5   -1.321551e+01   6.3e-04
   -1.466736e+01   0   -1.467316e+01   4.0e-04
   -1.545419e+01   1   -1.546120e+01   4.5e-04
   -1.545608e+01   1   -1.546120e+01   3.3e-04
   -1.815170e+01   2   -1.816199e+01   5.7e-04
   -1.815342e+01   2   -1.816199e+01   4.7e-04
   -2.086331e+01   6   -2.088864e+01   1.2e-03
   -2.086527e+01   6   -2.088864e+01   1.1e-03
   -2.368301e+01   3   -2.370262e+01   8.3e-04
   -2.368633e+01   3   -2.370262e+01   6.9e-04
   -3.133694e+01   7   (no exact root found)
   -3.135501e+01   7   (no exact root found)
max relative error = 1.21e-03
CHECK FLAT MEMBRANE: PASSED
